07:23:47 **** Incremental Build of configuration Debug for project stm32f405rgt6 ****
make -j4 all 
arm-none-eabi-g++ -o "stm32f405rgt6.elf" @"objects.list"   -mcpu=cortex-m4 -T"/home/ziad/Ziad_WS/sarcoos_project/code/stm32f405RGT6/stm32f405rgt6/STM32F405RGTX_FLASH.ld" --specs=nosys.specs -Wl,-Map="stm32f405rgt6.map" -Wl,--gc-sections -static --specs=nano.specs -mfpu=fpv4-sp-d16 -mfloat-abi=hard -mthumb -Wl,--start-group -lc -lm -lstdc++ -lsupc++ -Wl,--end-group
Finished building target: stm32f405rgt6.elf
 
arm-none-eabi-size   stm32f405rgt6.elf 
arm-none-eabi-objdump -h -S  stm32f405rgt6.elf  > "stm32f405rgt6.list"
   text	   data	    bss	    dec	    hex	filename
   4748	     20	   1572	   6340	   18c4	stm32f405rgt6.elf
arm-none-eabi-objcopy  -O ihex  stm32f405rgt6.elf  "stm32f405rgt6.hex"
Finished building: default.size.stdout
 
Finished building: stm32f405rgt6.list
Finished building: stm32f405rgt6.hex
 
 

07:23:48 Build Finished. 0 errors, 0 warnings. (took 791ms)

